// Jest Snapshot v1, https://goo.gl/fbAQLP

exports[`Benefit manipulation tests checks if rendered correctly 1`] = `
<View
  style={
    {
      "alignItems": "center",
      "backgroundColor": "#fff",
      "flex": 1,
      "justifyContent": "center",
    }
  }
>
  <Text>
    This is benefit addition and edition screen
  </Text>
</View>
`;
