// Jest Snapshot v1, https://goo.gl/fbAQLP

exports[`Email confirmation screen tests checks if rendered correctly 1`] = `
<View
  style={
    {
      "alignItems": "center",
      "backgroundColor": "#fff",
      "flex": 1,
      "justifyContent": "center",
    }
  }
>
  <Text>
    This is email confirmation screen screen
  </Text>
</View>
`;
